Ôû▓ Next.js 16.1.7 (Turbopack)
- Environments: .env.local

node.exe : ÔÜá The "middleware" file 
convention is deprecated. Please use 
"proxy" instead. Learn more: https://ne
xtjs.org/docs/messages/middleware-to-pr
oxy
En línea: 1 Carácter: 1
+ & "C:\Program Files\nodejs/node.exe" 
"C:\Program Files\nodejs/node_mo ...
+ ~~~~~~~~~~~~~~~~~~~~~~~~~~~~~~~~~~~~~
~~~~~~~~~~~~~~~~~~~~~~~~~~~~~~~~
    + CategoryInfo          : NotSpeci 
   fied: (ÔÜá The "middle...leware-to  
  -proxy:String) [], RemoteException
    + FullyQualifiedErrorId : NativeCo 
   mmandError
 
  Creating an optimized production build ...
Ô£ô Compiled successfully in 6.5s
  Running TypeScript ...
Failed to compile.

./src/components/inventory/barcode-labe
l.tsx:43:38
Type error: Cannot find module 
'bwip-js' or its corresponding type 
declarations.

[0m [90m 41 |[39m       
[36mtry[39m {
 [90m 42 |[39m         [90m// 
Dynamic import bwip-js (only on 
client)[39m
[31m[1m>[22m[39m[90m 43 |[39m    
     [36mconst[39m bwipjs 
[33m=[39m ([36mawait[39m [36mimpor
t[39m([32m"bwip-js"[39m))[33m.[39m
[36mdefault[39m[33m;[39m
 [90m    |[39m                       
               [31m[1m^[22m[39m
 [90m 44 |[39m
 [90m 45 |[39m         
[36mconst[39m canvas [33m=[39m 
canvasRef[33m.[39mcurrent[33m;[39m
 [90m 46 |[39m         [36mif[39m 
([33m![39mcanvas) 
[36mreturn[39m[33m;[39m[0m
Next.js build worker exited with code: 
1 and signal: null
